1 SC0_STARTUP
2 SC0_INC_01
3 SC0_INC_12
4 SC0_INC_23
5 SC0_RUN_IDLE
6 SC0_RUN_1
7 SC0_RUN_2
8 SC0_RUN_3
9 SC0_DEC_32
10 SC0_DEC_21
11 SC0_DEC_10
12 SC0_SHUTDOWN_BEGIN
13 SC0_SHUTDOWN_END
14 SC0_HORN0_START
15 SC0_HORN0_LOOP
16 SC0_HORN0_SUSTAIN
17 SC0_HORN0_END
18 SC0_HORN0_SHORT
19 SC0_HORN1_START
20 SC0_HORN1_LOOP
21 SC0_HORN1_SUSTAIN
22 SC0_HORN1_END
23 SC0_HORN1_SHORT
24 SC0_BELL1
25 SC0_BELL2
26 SC0_ENGINE_BRAKE_BEGIN
27 SC0_ENGINE_BRAKE_LOOP1
28 SC0_ENGINE_BRAKE_LOOP2
29 SC0_ENGINE_BRAKE_END
30 SC0_ISOLATION_REVERSE_FWD
31 SC0_ISOLATION_REVERSE_REV
32 SC0_ISOLATION_CENTER
33 SC0_BRAKE_SET
34 SC0_BRAKE_RELEASE
35 SC0_BRAKE_BAIL_OFFOFF
36 SC0_BRAKE_BAIL_OFFON
37 SC0_HBRAKE_BEGIN
38 SC0_HBRAKE_LOOP
39 SC0_HBRAKE_RELEASE
40 SC0_HBRAKE_END
41 SC0_DYN_BRAKE_START
42 SC0_DYN_BRAKE_SUSTAIN
43 SC0_DYN_BRAKE_END
44 SC0_AIRCOMP_START
45 SC0_AIRCOMP_RUN1
46 SC0_AIRCOMP_END
47 SC0_TRACTION_START
48 SC0_TRACTION_RUN
49 SC0_TRACTION_END
50 SC0_AIR_LETOFF
51 SC0_SILENCE
52 SC0_FAN1_START
53 SC0_FAN1_LOOP
54 SC0_FAN1_END
55 SC0_AIR_DRYER1
56 SC0_AIR_DRYER2
57 SC0_AIR_DRYER3
58 SC0_SANDER_START
59 SC0_SANDER_RUN
60 SC0_SANDER_END
61 SC0_COUPLER_LIFT_RING
62 SC0_COUPLER_CLASH
63 SC0_COUPLER_SLACK
64 SC0_UNCOUPLE_BEGIN
65 SC0_UNCOUPLE_DISCONNECT
66 SC0_DEFECT_ALARM
67 SC0_WARNING_ALARM
68 SC0_ENGINE_DOOR_OPEN
69 SC0_ENGINE_DOOR_CLOSE
70 SC0_SHUTTERS
71 SC0_CAB_DOOR_OPEN
72 SC0_CAB_DOOR_CLOSE
73 SC0_USER_SOUND1
74 SC0_USER_SOUND2
75 SC0_WHEEL_FLANGE1
76 SC0_WHEEL_FLANGE2
77 SC0_AUX_START
78 SC0_AUX_RUN
79 SC0_AUX_END
80 SC0_ABOUT
81 SC0_DEBUG1
